I'm sorry, but errors were detected in your script. Please correct the
errors listed below, and try again.


File "game/script.rpy", line 4: expected expression
    image bg park = 
                    ^

Ren'Py Version: Ren'Py 8.3.7.25031702
Wed Apr  9 22:15:39 2025
